// Jest Snapshot v1, https://goo.gl/fbAQLP

exports[`UserProfileView Component renders UserProfileView component correctly 1`] = `
<DocumentFragment>
  <div
    class="userProfile"
  >
    <header
      class="header"
    >
      <h1
        data-testid="header-text"
      >
        Github Repositories Explorer
      </h1>
    </header>
    <main>
      <h1>
        testuser's Repositories
      </h1>
      <div>
        <div
          class="cardHeaderSelected"
        >
          <div>
            <img
              alt="testuser's avatar"
              class="selectedImage"
              src="https://example.com/avatar.png"
            />
          </div>
          <div>
            <h3>
              testuser
            </h3>
            <div>
              <svg
                fill="none"
                height="24"
                viewBox="0 0 48 48"
                width="24"
                xmlns="http://www.w3.org/2000/svg"
              >
                <path
                  d="M10.5858 37.414C10.9768 37.805 11.4878 38 11.9998 38C12.5118 38 13.0228 37.805 13.4138 37.414L24 26.8279L34.5862 37.414C34.9772 37.805 35.4882 38 36.0002 38C36.5122 38 37.0232 37.805 37.4142 37.414C38.1953 36.633 38.1953 35.367 37.4142 34.586L26.8281 23.9999L37.4142 13.4138C38.1953 12.6328 38.1953 11.3668 37.4142 10.5858C36.6332 9.80475 35.3672 9.80475 34.5862 10.5858L24 21.1718L13.4138 10.5858C12.6328 9.80475 11.3668 9.80475 10.5858 10.5858C9.80475 11.3668 9.80475 12.6328 10.5858 13.4138L21.1719 23.9999L10.5858 34.586C9.80475 35.367 9.80475 36.633 10.5858 37.414Z"
                  fill="#212121"
                />
              </svg>
            </div>
          </div>
        </div>
        <div
          class="cardHeaderSelected cardHeaderSelectedRepo"
          style="margin: 10px 0px;"
        >
          <div>
            <div>
              <b>
                repo1
              </b>
            </div>
            <div>
              <small>
                Description 1
              </small>
            </div>
          </div>
          <div>
            <span>
              10
            </span>
            <span>
              <svg
                fill="#000"
                height="18"
                stroke="currentColor"
                stroke-linecap="round"
                stroke-linejoin="round"
                stroke-width="2"
                viewBox="0 0 24 24"
                width="18"
                xmlns="http://www.w3.org/2000/svg"
              >
                <polygon
                  points="12 2 15.09 8.26 22 9.27 17 14.14 18.18 21.02 12 17.77 5.82 21.02 7 14.14 2 9.27 8.91 8.26 12 2"
                />
              </svg>
            </span>
          </div>
        </div>
        <div
          class="cardHeaderSelected cardHeaderSelectedRepo"
          style="margin: 10px 0px;"
        >
          <div>
            <div>
              <b>
                repo2
              </b>
            </div>
            <div>
              <small>
                Description 2
              </small>
            </div>
          </div>
          <div>
            <span>
              20
            </span>
            <span>
              <svg
                fill="#000"
                height="18"
                stroke="currentColor"
                stroke-linecap="round"
                stroke-linejoin="round"
                stroke-width="2"
                viewBox="0 0 24 24"
                width="18"
                xmlns="http://www.w3.org/2000/svg"
              >
                <polygon
                  points="12 2 15.09 8.26 22 9.27 17 14.14 18.18 21.02 12 17.77 5.82 21.02 7 14.14 2 9.27 8.91 8.26 12 2"
                />
              </svg>
            </span>
          </div>
        </div>
      </div>
    </main>
  </div>
</DocumentFragment>
`;
