// Jest Snapshot v1, https://goo.gl/fbAQLP

exports[`Toast component snapshot 1`] = `
<DocumentFragment>
  <div
    data-testid="mock-toast"
  />
  <div
    data-testid="mock-toast"
  />
</DocumentFragment>
`;
