// Jest Snapshot v1, https://goo.gl/fbAQLP

exports[`UserSearch Component matches snapshot 1`] = `
<DocumentFragment>
  <div
    class="userSearch"
  >
    <input
      data-testid="search-input"
      placeholder="Search for users..."
    />
  </div>
</DocumentFragment>
`;
